src/components/sections/ComparisonSection.tsx(9,11): error TS2339: Property 'comparison' does not exist on type '{ hero: HeroContent; pillars: PillarItem[]; cta: CTASection; }'.
src/components/sections/ComparisonSection.tsx(37,35): error TS7006: Parameter 'row' implicitly has an 'any' type.
src/components/sections/ComparisonSection.tsx(37,40): error TS7006: Parameter 'index' implicitly has an 'any' type.
src/components/sections/FeatureGrid.tsx(11,11): error TS2339: Property 'features' does not exist on type '{ hero: HeroContent; pillars: PillarItem[]; cta: CTASection; }'.
src/components/sections/FeatureGrid.tsx(48,32): error TS7006: Parameter 'feature' implicitly has an 'any' type.
src/components/sections/FeatureGrid.tsx(48,41): error TS7006: Parameter 'index' implicitly has an 'any' type.
src/components/sections/ValueProposition.tsx(8,11): error TS2339: Property 'values' does not exist on type '{ hero: HeroContent; pillars: PillarItem[]; cta: CTASection; }'.
src/components/sections/ValueProposition.tsx(22,30): error TS7006: Parameter 'value' implicitly has an 'any' type.
src/components/sections/VerticalTabs.tsx(12,11): error TS2339: Property 'useCases' does not exist on type '{ hero: HeroContent; pillars: PillarItem[]; cta: CTASection; }'.
src/components/sections/VerticalTabs.tsx(15,45): error TS7006: Parameter 'tab' implicitly has an 'any' type.
src/components/sections/VerticalTabs.tsx(31,33): error TS7006: Parameter 'tab' implicitly has an 'any' type.
src/components/sections/VerticalTabs.tsx(89,56): error TS7006: Parameter 'point' implicitly has an 'any' type.
src/components/sections/VerticalTabs.tsx(89,63): error TS7006: Parameter 'index' implicitly has an 'any' type.
src/main.tsx(5,8): error TS2307: Cannot find module './index.css' or its corresponding type declarations.
